Target env: prod
Supabase URL from PROD_SUPABASE_URL
Supabase secret from Parameter Store /amplify/shared/d1jtp0rz0l9mcn/SUPABASE_SECRET_KEY
Mode: materialize-export
Campaign: 315e72b5-3ca0-4258-9307-b5e786e6868a
Since: 2026-05-01T00:00:00.000Z
Message window: all Sent/INBOX mail since --since (no per-mailbox cap)
Campaign name: Foot Traffic - Apollo Contacts (Lead Magnet)
Smartlead campaign id: 3295280
Materializing export from /Users/porter/Projects/FurnaceBuild/docs/audit/foot-traffic/lead-magnet-all-150-audit.json (17 candidates, 22 review)
[materialize] loaded 39 threads from existing export
[materialize] plan: 39 threads total, 33 already have bodies, 6 to fetch from IMAP
[materialize] missing bodies: frank@pure-physicaltherapy.com, aneri@leapsandboundsil.com, caitlin@thelotusmethodsf.com, michele@danupt.com, jenny@alltogetherwellness.net, kim@phitwell.com
[materialize] [1/6] frank@pure-physicaltherapy.com via lenzb@clinictrafficdr.com
[materialize] [1/6] frank@pure-physicaltherapy.com: connecting to lenzb@clinictrafficdr.com…
[materialize] [1/6] frank@pure-physicaltherapy.com: Sent folder "Sent Items": scanning 590 messages…
[materialize] [1/6] frank@pure-physicaltherapy.com: Sent folder: 1 message(s) to frank@pure-physicaltherapy.com before reply
[materialize] [1/6] frank@pure-physicaltherapy.com: INBOX: scanning 75 messages for frank@pure-physicaltherapy.com…
[materialize] [1/6] frank@pure-physicaltherapy.com: INBOX: found reply (body=yes)
[materialize] [1/6] done frank@pure-physicaltherapy.com — body captured
[materialize] [2/6] aneri@leapsandboundsil.com via lenz@clinicfoottrafficco.com
[materialize] [2/6] aneri@leapsandboundsil.com: connecting to lenz@clinicfoottrafficco.com…
[materialize] [2/6] aneri@leapsandboundsil.com: Sent folder "Sent Items": scanning 592 messages…
[materialize] [2/6] aneri@leapsandboundsil.com: Sent folder: 1 message(s) to aneri@leapsandboundsil.com before reply
[materialize] [2/6] aneri@leapsandboundsil.com: INBOX: scanning 65 messages for aneri@leapsandboundsil.com…
[materialize] [2/6] aneri@leapsandboundsil.com: INBOX: found reply (body=yes)
[materialize] [2/6] done aneri@leapsandboundsil.com — body captured
[materialize] [3/6] caitlin@thelotusmethodsf.com via mowerydaniel@clinictrafficco.com
[materialize] [3/6] caitlin@thelotusmethodsf.com: connecting to mowerydaniel@clinictrafficco.com…
[materialize] [3/6] caitlin@thelotusmethodsf.com: Sent folder "Sent Items": scanning 593 messages…
[materialize] [3/6] caitlin@thelotusmethodsf.com: Sent folder: 1 message(s) to caitlin@thelotusmethodsf.com before reply
[materialize] [3/6] caitlin@thelotusmethodsf.com: INBOX: scanning 62 messages for caitlin@thelotusmethodsf.com…
[materialize] [3/6] caitlin@thelotusmethodsf.com: INBOX: found reply (body=yes)
[materialize] [3/6] done caitlin@thelotusmethodsf.com — body captured
[materialize] [4/6] michele@danupt.com via mmowery@clinicfoottrafficco.com
[materialize] [4/6] michele@danupt.com: connecting to mmowery@clinicfoottrafficco.com…
[materialize] [4/6] michele@danupt.com: Sent folder "Sent Items": scanning 590 messages…
[materialize] [4/6] michele@danupt.com: Sent folder: 1 message(s) to michele@danupt.com before reply
[materialize] [4/6] michele@danupt.com: INBOX: scanning 54 messages for michele@danupt.com…
[materialize] [4/6] michele@danupt.com: INBOX: found reply (body=yes)
[materialize] [4/6] done michele@danupt.com — body captured
[materialize] [5/6] jenny@alltogetherwellness.net via mowery@clinictrafficco.com
[materialize] [5/6] jenny@alltogetherwellness.net: connecting to mowery@clinictrafficco.com…
[materialize] [5/6] jenny@alltogetherwellness.net: Sent folder "Sent Items": scanning 591 messages…
[materialize] [5/6] jenny@alltogetherwellness.net: Sent folder: 1 message(s) to jenny@alltogetherwellness.net before reply
[materialize] [5/6] jenny@alltogetherwellness.net: INBOX: scanning 55 messages for jenny@alltogetherwellness.net…
[materialize] [5/6] jenny@alltogetherwellness.net: INBOX: found reply (body=yes)
[materialize] [5/6] done jenny@alltogetherwellness.net — body captured
[materialize] [6/6] kim@phitwell.com via lenz.braxton@clinictrafficco.com
[materialize] [6/6] kim@phitwell.com: connecting to lenz.braxton@clinictrafficco.com…
[materialize] [6/6] kim@phitwell.com: Sent folder "Sent Items": scanning 595 messages…
[materialize] [6/6] kim@phitwell.com: Sent folder: 1 message(s) to kim@phitwell.com before reply
[materialize] [6/6] kim@phitwell.com: INBOX: scanning 73 messages for kim@phitwell.com…
[materialize] [6/6] kim@phitwell.com: INBOX: found reply (body=yes)
[materialize] [6/6] done kim@phitwell.com — body captured
Recovery export written to /Users/porter/Projects/FurnaceBuild/docs/audit/foot-traffic/lead-magnet-all-150-recovery-export.json
Export threads: 39
Import readiness: ready=4 needs_lead_mapping=13 needs_review=22
