Target env: prod
Supabase URL from PROD_SUPABASE_URL
Supabase secret from Parameter Store /amplify/shared/d1jtp0rz0l9mcn/SUPABASE_SECRET_KEY
Mode: audit
Campaign: eecac452-8248-4809-8a45-26761b5c5a31
Since: 2026-05-13T00:00:00.000Z
Message window: all Sent/INBOX mail since --since (no per-mailbox cap)
Checkpoint: /Users/porter/Projects/FurnaceBuild/docs/audit/foot-traffic/scraped-emails-2-all-150-checkpoint.json
Campaign name: Foot Traffic - Scraped Emails 2
Smartlead campaign id: 3332649
Senders: furnace_account_mailboxes | assigned=0 intersection=0 selected=150 coverage=yes
[recover-smartlead] Sent scan 12/150: b.l@clinictrafficdr.com (365 messages since 2026-05-13)
[recover-smartlead] Sent scan 11/150: b.l@clinictrafficco.com (366 messages since 2026-05-13)
[recover-smartlead] Sent scan 10/150: b.l@clinicfoottrafficco.com (364 messages since 2026-05-13)
[recover-smartlead] INBOX scan 10/150: b.l@clinicfoottrafficco.com (35 messages since 2026-05-13)
[recover-smartlead] INBOX scan 12/150: b.l@clinictrafficdr.com (31 messages since 2026-05-13)
[recover-smartlead] INBOX scan 11/150: b.l@clinictrafficco.com (33 messages since 2026-05-13)
[recover-smartlead] Done 12/150: b.l@clinictrafficdr.com — taggedSent=6 +0 candidates +0 review (totals: 0 candidates, 0 review)
[recover-smartlead] Done 11/150: b.l@clinictrafficco.com — taggedSent=6 +0 candidates +0 review (totals: 0 candidates, 0 review)
[recover-smartlead] Done 10/150: b.l@clinicfoottrafficco.com — taggedSent=6 +0 candidates +0 review (totals: 0 candidates, 0 review)
[recover-smartlead] Sent scan 13/150: b.lenz@clinicfoottrafficco.com (366 messages since 2026-05-13)
[recover-smartlead] Sent scan 14/150: b.lenz@clinictrafficco.com (364 messages since 2026-05-13)
[recover-smartlead] Sent scan 15/150: b.lenz@clinictrafficdr.com (368 messages since 2026-05-13)
[recover-smartlead] INBOX scan 13/150: b.lenz@clinicfoottrafficco.com (35 messages since 2026-05-13)
[recover-smartlead] INBOX scan 14/150: b.lenz@clinictrafficco.com (36 messages since 2026-05-13)
[recover-smartlead] INBOX scan 15/150: b.lenz@clinictrafficdr.com (46 messages since 2026-05-13)
[recover-smartlead] Done 13/150: b.lenz@clinicfoottrafficco.com — taggedSent=6 +0 candidates +0 review (totals: 0 candidates, 0 review)
[recover-smartlead] Done 14/150: b.lenz@clinictrafficco.com — taggedSent=6 +0 candidates +0 review (totals: 0 candidates, 0 review)
[recover-smartlead] Sent scan 16/150: bl@clinicfoottrafficco.com (380 messages since 2026-05-13)
[recover-smartlead] Sent scan 17/150: bl@clinictrafficco.com (372 messages since 2026-05-13)
[recover-smartlead] Done 15/150: b.lenz@clinictrafficdr.com — taggedSent=6 +0 candidates +0 review (totals: 0 candidates, 0 review)
[recover-smartlead] Sent scan 18/150: bl@clinictrafficdr.com (380 messages since 2026-05-13)
[recover-smartlead] INBOX scan 17/150: bl@clinictrafficco.com (35 messages since 2026-05-13)
[recover-smartlead] INBOX scan 16/150: bl@clinicfoottrafficco.com (43 messages since 2026-05-13)
[recover-smartlead] INBOX scan 18/150: bl@clinictrafficdr.com (37 messages since 2026-05-13)
[recover-smartlead] Done 17/150: bl@clinictrafficco.com — taggedSent=9 +0 candidates +0 review (totals: 0 candidates, 0 review)
[recover-smartlead] Done 16/150: bl@clinicfoottrafficco.com — taggedSent=9 +0 candidates +0 review (totals: 0 candidates, 0 review)
[recover-smartlead] Sent scan 19/150: blenz@clinicfoottrafficco.com (386 messages since 2026-05-13)
[recover-smartlead] Sent scan 20/150: blenz@clinictrafficco.com (380 messages since 2026-05-13)
[recover-smartlead] Done 18/150: bl@clinictrafficdr.com — taggedSent=11 +0 candidates +0 review (totals: 0 candidates, 0 review)
[recover-smartlead] Sent scan 21/150: blenz@clinictrafficdr.com (399 messages since 2026-05-13)
[recover-smartlead] INBOX scan 19/150: blenz@clinicfoottrafficco.com (40 messages since 2026-05-13)
[recover-smartlead] INBOX scan 20/150: blenz@clinictrafficco.com (39 messages since 2026-05-13)
[recover-smartlead] Done 19/150: blenz@clinicfoottrafficco.com — taggedSent=11 +0 candidates +0 review (totals: 0 candidates, 0 review)
[recover-smartlead] Sent scan 22/150: braxton_l@clinicfoottrafficco.com (400 messages since 2026-05-13)
[recover-smartlead] Done 20/150: blenz@clinictrafficco.com — taggedSent=10 +0 candidates +1 review (totals: 0 candidates, 1 review)
[recover-smartlead] INBOX scan 21/150: blenz@clinictrafficdr.com (49 messages since 2026-05-13)
[recover-smartlead] Sent scan 23/150: braxton_l@clinictrafficco.com (397 messages since 2026-05-13)
[recover-smartlead] Done 21/150: blenz@clinictrafficdr.com — taggedSent=11 +0 candidates +0 review (totals: 0 candidates, 1 review)
[recover-smartlead] Sent scan 24/150: braxton_l@clinictrafficdr.com (404 messages since 2026-05-13)
[recover-smartlead] INBOX scan 22/150: braxton_l@clinicfoottrafficco.com (42 messages since 2026-05-13)
[recover-smartlead] INBOX scan 23/150: braxton_l@clinictrafficco.com (41 messages since 2026-05-13)
[recover-smartlead] Done 22/150: braxton_l@clinicfoottrafficco.com — taggedSent=14 +0 candidates +0 review (totals: 0 candidates, 1 review)
[recover-smartlead] Done 23/150: braxton_l@clinictrafficco.com — taggedSent=14 +0 candidates +0 review (totals: 0 candidates, 1 review)
[recover-smartlead] Sent scan 25/150: braxton_lenz@clinicfoottrafficco.com (398 messages since 2026-05-13)
[recover-smartlead] Sent scan 26/150: braxton_lenz@clinictrafficco.com (376 messages since 2026-05-13)
[recover-smartlead] INBOX scan 24/150: braxton_l@clinictrafficdr.com (43 messages since 2026-05-13)
[recover-smartlead] Done 24/150: braxton_l@clinictrafficdr.com — taggedSent=14 +0 candidates +0 review (totals: 0 candidates, 1 review)
[recover-smartlead] Sent scan 27/150: braxton_lenz@clinictrafficdr.com (389 messages since 2026-05-13)
[recover-smartlead] INBOX scan 26/150: braxton_lenz@clinictrafficco.com (32 messages since 2026-05-13)
[recover-smartlead] INBOX scan 25/150: braxton_lenz@clinicfoottrafficco.com (43 messages since 2026-05-13)
[recover-smartlead] Done 26/150: braxton_lenz@clinictrafficco.com — taggedSent=9 +0 candidates +0 review (totals: 0 candidates, 1 review)
[recover-smartlead] Sent scan 28/150: braxton-l@clinicfoottrafficco.com (382 messages since 2026-05-13)
[recover-smartlead] Done 25/150: braxton_lenz@clinicfoottrafficco.com — taggedSent=14 +1 candidates +0 review (totals: 1 candidates, 1 review)
[recover-smartlead] Sent scan 29/150: braxton-l@clinictrafficco.com (385 messages since 2026-05-13)
[recover-smartlead] INBOX scan 27/150: braxton_lenz@clinictrafficdr.com (27 messages since 2026-05-13)
[recover-smartlead] Done 27/150: braxton_lenz@clinictrafficdr.com — taggedSent=11 +0 candidates +0 review (totals: 1 candidates, 1 review)
[recover-smartlead] Sent scan 30/150: braxton-l@clinictrafficdr.com (396 messages since 2026-05-13)
[recover-smartlead] INBOX scan 28/150: braxton-l@clinicfoottrafficco.com (34 messages since 2026-05-13)
[recover-smartlead] INBOX scan 29/150: braxton-l@clinictrafficco.com (36 messages since 2026-05-13)
[recover-smartlead] Done 28/150: braxton-l@clinicfoottrafficco.com — taggedSent=9 +0 candidates +0 review (totals: 1 candidates, 1 review)
[recover-smartlead] Sent scan 31/150: braxton-lenz@clinicfoottrafficco.com (381 messages since 2026-05-13)
[recover-smartlead] Done 29/150: braxton-l@clinictrafficco.com — taggedSent=13 +0 candidates +0 review (totals: 1 candidates, 1 review)
[recover-smartlead] Sent scan 32/150: braxton-lenz@clinictrafficco.com (397 messages since 2026-05-13)
[recover-smartlead] INBOX scan 30/150: braxton-l@clinictrafficdr.com (44 messages since 2026-05-13)
[recover-smartlead] Done 30/150: braxton-l@clinictrafficdr.com — taggedSent=11 +0 candidates +0 review (totals: 1 candidates, 1 review)
[recover-smartlead] Sent scan 33/150: braxton-lenz@clinictrafficdr.com (382 messages since 2026-05-13)
[recover-smartlead] INBOX scan 31/150: braxton-lenz@clinicfoottrafficco.com (31 messages since 2026-05-13)
[recover-smartlead] Done 31/150: braxton-lenz@clinicfoottrafficco.com — taggedSent=11 +0 candidates +0 review (totals: 1 candidates, 1 review)
[recover-smartlead] Sent scan 34/150: braxton.l@clinicfoottrafficco.com (331 messages since 2026-05-13)
[recover-smartlead] INBOX scan 32/150: braxton-lenz@clinictrafficco.com (41 messages since 2026-05-13)
[recover-smartlead] Done 32/150: braxton-lenz@clinictrafficco.com — taggedSent=10 +0 candidates +0 review (totals: 1 candidates, 1 review)
[recover-smartlead] INBOX scan 33/150: braxton-lenz@clinictrafficdr.com (40 messages since 2026-05-13)
[recover-smartlead] Sent scan 35/150: braxton.l@clinictrafficco.com (394 messages since 2026-05-13)
[recover-smartlead] Done 33/150: braxton-lenz@clinictrafficdr.com — taggedSent=9 +0 candidates +0 review (totals: 1 candidates, 1 review)
[recover-smartlead] Sent scan 36/150: braxton.l@clinictrafficdr.com (389 messages since 2026-05-13)
[recover-smartlead] INBOX scan 34/150: braxton.l@clinicfoottrafficco.com (1 messages since 2026-05-13)
[recover-smartlead] Done 34/150: braxton.l@clinicfoottrafficco.com — taggedSent=10 +0 candidates +0 review (totals: 1 candidates, 1 review)
[recover-smartlead] Sent scan 37/150: braxton.lenz@clinicfoottrafficco.com (397 messages since 2026-05-13)
[recover-smartlead] INBOX scan 35/150: braxton.l@clinictrafficco.com (41 messages since 2026-05-13)
[recover-smartlead] INBOX scan 36/150: braxton.l@clinictrafficdr.com (31 messages since 2026-05-13)
[recover-smartlead] Done 35/150: braxton.l@clinictrafficco.com — taggedSent=11 +1 candidates +0 review (totals: 2 candidates, 1 review)
[recover-smartlead] Sent scan 38/150: braxton.lenz@clinictrafficco.com (412 messages since 2026-05-13)
[recover-smartlead] Done 36/150: braxton.l@clinictrafficdr.com — taggedSent=13 +0 candidates +0 review (totals: 2 candidates, 1 review)
[recover-smartlead] Sent scan 39/150: braxton.lenz@clinictrafficdr.com (395 messages since 2026-05-13)
[recover-smartlead] INBOX scan 37/150: braxton.lenz@clinicfoottrafficco.com (34 messages since 2026-05-13)
[recover-smartlead] Done 37/150: braxton.lenz@clinicfoottrafficco.com — taggedSent=12 +0 candidates +0 review (totals: 2 candidates, 1 review)
[recover-smartlead] Sent scan 40/150: braxton@clinicfoottrafficco.com (402 messages since 2026-05-13)
[recover-smartlead] INBOX scan 38/150: braxton.lenz@clinictrafficco.com (40 messages since 2026-05-13)
[recover-smartlead] INBOX scan 39/150: braxton.lenz@clinictrafficdr.com (38 messages since 2026-05-13)
[recover-smartlead] Done 38/150: braxton.lenz@clinictrafficco.com — taggedSent=0 +0 candidates +0 review (totals: 2 candidates, 1 review)
[recover-smartlead] Sent scan 41/150: braxton@clinictrafficco.com (400 messages since 2026-05-13)
[recover-smartlead] Done 39/150: braxton.lenz@clinictrafficdr.com — taggedSent=12 +0 candidates +0 review (totals: 2 candidates, 1 review)
[recover-smartlead] Sent scan 42/150: braxton@clinictrafficdr.com (396 messages since 2026-05-13)
[recover-smartlead] INBOX scan 40/150: braxton@clinicfoottrafficco.com (43 messages since 2026-05-13)
[recover-smartlead] Done 40/150: braxton@clinicfoottrafficco.com — taggedSent=14 +0 candidates +0 review (totals: 2 candidates, 1 review)
[recover-smartlead] Sent scan 43/150: braxtonl@clinicfoottrafficco.com (343 messages since 2026-05-13)
[recover-smartlead] INBOX scan 41/150: braxton@clinictrafficco.com (36 messages since 2026-05-13)
[recover-smartlead] INBOX scan 42/150: braxton@clinictrafficdr.com (40 messages since 2026-05-13)
[recover-smartlead] Done 41/150: braxton@clinictrafficco.com — taggedSent=14 +0 candidates +0 review (totals: 2 candidates, 1 review)
[recover-smartlead] Done 42/150: braxton@clinictrafficdr.com — taggedSent=14 +0 candidates +0 review (totals: 2 candidates, 1 review)
[recover-smartlead] Sent scan 45/150: braxtonl@clinictrafficdr.com (396 messages since 2026-05-13)
[recover-smartlead] Sent scan 44/150: braxtonl@clinictrafficco.com (402 messages since 2026-05-13)
[recover-smartlead] INBOX scan 43/150: braxtonl@clinicfoottrafficco.com (6 messages since 2026-05-13)
[recover-smartlead] Done 43/150: braxtonl@clinicfoottrafficco.com — taggedSent=10 +0 candidates +0 review (totals: 2 candidates, 1 review)
[recover-smartlead] Sent scan 46/150: braxtonlenz@clinicfoottrafficco.com (399 messages since 2026-05-13)
[recover-smartlead] INBOX scan 45/150: braxtonl@clinictrafficdr.com (36 messages since 2026-05-13)
[recover-smartlead] INBOX scan 44/150: braxtonl@clinictrafficco.com (38 messages since 2026-05-13)
[recover-smartlead] Done 45/150: braxtonl@clinictrafficdr.com — taggedSent=12 +0 candidates +0 review (totals: 2 candidates, 1 review)
[recover-smartlead] Sent scan 47/150: braxtonlenz@clinictrafficco.com (401 messages since 2026-05-13)
[recover-smartlead] Done 44/150: braxtonl@clinictrafficco.com — taggedSent=12 +0 candidates +0 review (totals: 2 candidates, 1 review)
[recover-smartlead] Sent scan 48/150: braxtonlenz@clinictrafficdr.com (405 messages since 2026-05-13)
[recover-smartlead] INBOX scan 46/150: braxtonlenz@clinicfoottrafficco.com (39 messages since 2026-05-13)
[recover-smartlead] Done 46/150: braxtonlenz@clinicfoottrafficco.com — taggedSent=13 +0 candidates +0 review (totals: 2 candidates, 1 review)
[recover-smartlead] Sent scan 49/150: d_m@clinicfoottrafficco.com (366 messages since 2026-05-13)
[recover-smartlead] INBOX scan 47/150: braxtonlenz@clinictrafficco.com (32 messages since 2026-05-13)
[recover-smartlead] INBOX scan 48/150: braxtonlenz@clinictrafficdr.com (41 messages since 2026-05-13)
[recover-smartlead] Done 47/150: braxtonlenz@clinictrafficco.com — taggedSent=13 +0 candidates +0 review (totals: 2 candidates, 1 review)
[recover-smartlead] Sent scan 50/150: d_m@clinictrafficco.com (370 messages since 2026-05-13)
[recover-smartlead] Done 48/150: braxtonlenz@clinictrafficdr.com — taggedSent=13 +0 candidates +0 review (totals: 2 candidates, 1 review)
[recover-smartlead] Sent scan 51/150: d_m@clinictrafficdr.com (372 messages since 2026-05-13)
[recover-smartlead] INBOX scan 49/150: d_m@clinicfoottrafficco.com (40 messages since 2026-05-13)
[recover-smartlead] Done 49/150: d_m@clinicfoottrafficco.com — taggedSent=0 +0 candidates +0 review (totals: 2 candidates, 1 review)
[recover-smartlead] Sent scan 52/150: d_mowery@clinicfoottrafficco.com (369 messages since 2026-05-13)
[recover-smartlead] INBOX scan 50/150: d_m@clinictrafficco.com (37 messages since 2026-05-13)
[recover-smartlead] INBOX scan 51/150: d_m@clinictrafficdr.com (40 messages since 2026-05-13)
[recover-smartlead] Done 50/150: d_m@clinictrafficco.com — taggedSent=0 +0 candidates +0 review (totals: 2 candidates, 1 review)
[recover-smartlead] Sent scan 53/150: d_mowery@clinictrafficco.com (388 messages since 2026-05-13)
[recover-smartlead] Done 51/150: d_m@clinictrafficdr.com — taggedSent=0 +0 candidates +0 review (totals: 2 candidates, 1 review)
[recover-smartlead] Sent scan 54/150: d_mowery@clinictrafficdr.com (373 messages since 2026-05-13)
[recover-smartlead] INBOX scan 52/150: d_mowery@clinicfoottrafficco.com (37 messages since 2026-05-13)
[recover-smartlead] Done 52/150: d_mowery@clinicfoottrafficco.com — taggedSent=0 +0 candidates +0 review (totals: 2 candidates, 1 review)
[recover-smartlead] Sent scan 55/150: d-mowery@clinicfoottrafficco.com (397 messages since 2026-05-13)
[recover-smartlead] INBOX scan 53/150: d_mowery@clinictrafficco.com (47 messages since 2026-05-13)
[recover-smartlead] INBOX scan 54/150: d_mowery@clinictrafficdr.com (37 messages since 2026-05-13)
[recover-smartlead] Done 53/150: d_mowery@clinictrafficco.com — taggedSent=0 +0 candidates +0 review (totals: 2 candidates, 1 review)
[recover-smartlead] Done 54/150: d_mowery@clinictrafficdr.com — taggedSent=0 +0 candidates +0 review (totals: 2 candidates, 1 review)
[recover-smartlead] Sent scan 56/150: d-mowery@clinictrafficco.com (411 messages since 2026-05-13)
[recover-smartlead] Sent scan 57/150: d-mowery@clinictrafficdr.com (361 messages since 2026-05-13)
[recover-smartlead] INBOX scan 55/150: d-mowery@clinicfoottrafficco.com (40 messages since 2026-05-13)
[recover-smartlead] Done 55/150: d-mowery@clinicfoottrafficco.com — taggedSent=14 +0 candidates +0 review (totals: 2 candidates, 1 review)
[recover-smartlead] Sent scan 58/150: d.m@clinicfoottrafficco.com (366 messages since 2026-05-13)
[recover-smartlead] INBOX scan 57/150: d-mowery@clinictrafficdr.com (37 messages since 2026-05-13)
[recover-smartlead] Done 57/150: d-mowery@clinictrafficdr.com — taggedSent=0 +0 candidates +0 review (totals: 2 candidates, 1 review)
[recover-smartlead] INBOX scan 56/150: d-mowery@clinictrafficco.com (37 messages since 2026-05-13)
[recover-smartlead] Sent scan 59/150: d.m@clinictrafficco.com (363 messages since 2026-05-13)
[recover-smartlead] Done 56/150: d-mowery@clinictrafficco.com — taggedSent=15 +0 candidates +0 review (totals: 2 candidates, 1 review)
[recover-smartlead] Sent scan 60/150: d.m@clinictrafficdr.com (369 messages since 2026-05-13)
[recover-smartlead] INBOX scan 58/150: d.m@clinicfoottrafficco.com (36 messages since 2026-05-13)
[recover-smartlead] Done 58/150: d.m@clinicfoottrafficco.com — taggedSent=0 +0 candidates +0 review (totals: 2 candidates, 1 review)
[recover-smartlead] Sent scan 61/150: d.mowery@clinicfoottrafficco.com (362 messages since 2026-05-13)
[recover-smartlead] INBOX scan 59/150: d.m@clinictrafficco.com (37 messages since 2026-05-13)
[recover-smartlead] Done 59/150: d.m@clinictrafficco.com — taggedSent=0 +0 candidates +0 review (totals: 2 candidates, 1 review)
[recover-smartlead] INBOX scan 60/150: d.m@clinictrafficdr.com (38 messages since 2026-05-13)
[recover-smartlead] Sent scan 62/150: d.mowery@clinictrafficco.com (358 messages since 2026-05-13)
[recover-smartlead] Done 60/150: d.m@clinictrafficdr.com — taggedSent=0 +0 candidates +0 review (totals: 2 candidates, 1 review)
[recover-smartlead] Sent scan 63/150: d.mowery@clinictrafficdr.com (354 messages since 2026-05-13)
[recover-smartlead] INBOX scan 61/150: d.mowery@clinicfoottrafficco.com (36 messages since 2026-05-13)
[recover-smartlead] Done 61/150: d.mowery@clinicfoottrafficco.com — taggedSent=0 +0 candidates +0 review (totals: 2 candidates, 1 review)
[recover-smartlead] Sent scan 64/150: daniel_m@clinicfoottrafficco.com (397 messages since 2026-05-13)
[recover-smartlead] INBOX scan 62/150: d.mowery@clinictrafficco.com (33 messages since 2026-05-13)
[recover-smartlead] Done 62/150: d.mowery@clinictrafficco.com — taggedSent=0 +0 candidates +0 review (totals: 2 candidates, 1 review)
[recover-smartlead] INBOX scan 63/150: d.mowery@clinictrafficdr.com (37 messages since 2026-05-13)
[recover-smartlead] Sent scan 65/150: daniel_m@clinictrafficco.com (405 messages since 2026-05-13)
[recover-smartlead] Done 63/150: d.mowery@clinictrafficdr.com — taggedSent=0 +0 candidates +0 review (totals: 2 candidates, 1 review)
[recover-smartlead] Sent scan 66/150: daniel_m@clinictrafficdr.com (392 messages since 2026-05-13)
[recover-smartlead] INBOX scan 64/150: daniel_m@clinicfoottrafficco.com (34 messages since 2026-05-13)
[recover-smartlead] Done 64/150: daniel_m@clinicfoottrafficco.com — taggedSent=0 +0 candidates +0 review (totals: 2 candidates, 1 review)
[recover-smartlead] Sent scan 67/150: daniel_mowery@clinicfoottrafficco.com (404 messages since 2026-05-13)
[recover-smartlead] INBOX scan 65/150: daniel_m@clinictrafficco.com (44 messages since 2026-05-13)
[recover-smartlead] INBOX scan 66/150: daniel_m@clinictrafficdr.com (36 messages since 2026-05-13)
[recover-smartlead] Done 65/150: daniel_m@clinictrafficco.com — taggedSent=0 +0 candidates +0 review (totals: 2 candidates, 1 review)
[recover-smartlead] Done 66/150: daniel_m@clinictrafficdr.com — taggedSent=13 +0 candidates +0 review (totals: 2 candidates, 1 review)
[recover-smartlead] Sent scan 68/150: daniel_mowery@clinictrafficco.com (411 messages since 2026-05-13)
[recover-smartlead] Sent scan 69/150: daniel_mowery@clinictrafficdr.com (404 messages since 2026-05-13)
[recover-smartlead] INBOX scan 67/150: daniel_mowery@clinicfoottrafficco.com (35 messages since 2026-05-13)
[recover-smartlead] Done 67/150: daniel_mowery@clinicfoottrafficco.com — taggedSent=13 +0 candidates +0 review (totals: 2 candidates, 1 review)
[recover-smartlead] Sent scan 70/150: daniel-m@clinicfoottrafficco.com (415 messages since 2026-05-13)
[recover-smartlead] INBOX scan 68/150: daniel_mowery@clinictrafficco.com (35 messages since 2026-05-13)
[recover-smartlead] INBOX scan 69/150: daniel_mowery@clinictrafficdr.com (33 messages since 2026-05-13)
[recover-smartlead] Done 69/150: daniel_mowery@clinictrafficdr.com — taggedSent=12 +0 candidates +0 review (totals: 2 candidates, 1 review)
[recover-smartlead] Done 68/150: daniel_mowery@clinictrafficco.com — taggedSent=13 +0 candidates +0 review (totals: 2 candidates, 1 review)
[recover-smartlead] Sent scan 71/150: daniel-m@clinictrafficco.com (409 messages since 2026-05-13)
[recover-smartlead] Sent scan 72/150: daniel-m@clinictrafficdr.com (373 messages since 2026-05-13)
[recover-smartlead] INBOX scan 70/150: daniel-m@clinicfoottrafficco.com (35 messages since 2026-05-13)
[recover-smartlead] Done 70/150: daniel-m@clinicfoottrafficco.com — taggedSent=0 +0 candidates +0 review (totals: 2 candidates, 1 review)
[recover-smartlead] Sent scan 73/150: daniel-mowery@clinicfoottrafficco.com (386 messages since 2026-05-13)
[recover-smartlead] INBOX scan 72/150: daniel-m@clinictrafficdr.com (40 messages since 2026-05-13)
[recover-smartlead] INBOX scan 71/150: daniel-m@clinictrafficco.com (40 messages since 2026-05-13)
[recover-smartlead] Done 72/150: daniel-m@clinictrafficdr.com — taggedSent=0 +0 candidates +0 review (totals: 2 candidates, 1 review)
[recover-smartlead] Sent scan 74/150: daniel-mowery@clinictrafficco.com (384 messages since 2026-05-13)
[recover-smartlead] Done 71/150: daniel-m@clinictrafficco.com — taggedSent=0 +0 candidates +0 review (totals: 2 candidates, 1 review)
[recover-smartlead] Sent scan 75/150: daniel-mowery@clinictrafficdr.com (398 messages since 2026-05-13)
[recover-smartlead] INBOX scan 73/150: daniel-mowery@clinicfoottrafficco.com (39 messages since 2026-05-13)
[recover-smartlead] Done 73/150: daniel-mowery@clinicfoottrafficco.com — taggedSent=0 +0 candidates +0 review (totals: 2 candidates, 1 review)
[recover-smartlead] Sent scan 76/150: daniel.m@clinicfoottrafficco.com (401 messages since 2026-05-13)
[recover-smartlead] INBOX scan 74/150: daniel-mowery@clinictrafficco.com (30 messages since 2026-05-13)
[recover-smartlead] Done 74/150: daniel-mowery@clinictrafficco.com — taggedSent=0 +0 candidates +0 review (totals: 2 candidates, 1 review)
[recover-smartlead] Sent scan 77/150: daniel.m@clinictrafficco.com (412 messages since 2026-05-13)
[recover-smartlead] INBOX scan 75/150: daniel-mowery@clinictrafficdr.com (39 messages since 2026-05-13)
[recover-smartlead] Done 75/150: daniel-mowery@clinictrafficdr.com — taggedSent=0 +0 candidates +0 review (totals: 2 candidates, 1 review)
[recover-smartlead] Sent scan 78/150: daniel.m@clinictrafficdr.com (344 messages since 2026-05-13)
[recover-smartlead] INBOX scan 76/150: daniel.m@clinicfoottrafficco.com (38 messages since 2026-05-13)
[recover-smartlead] Done 76/150: daniel.m@clinicfoottrafficco.com — taggedSent=0 +0 candidates +0 review (totals: 2 candidates, 1 review)
[recover-smartlead] Sent scan 79/150: daniel.mowery@clinicfoottrafficco.com (402 messages since 2026-05-13)
[recover-smartlead] INBOX scan 78/150: daniel.m@clinictrafficdr.com (0 messages since 2026-05-13)
[recover-smartlead] Done 78/150: daniel.m@clinictrafficdr.com — taggedSent=0 +0 candidates +0 review (totals: 2 candidates, 1 review)
[recover-smartlead] INBOX scan 77/150: daniel.m@clinictrafficco.com (48 messages since 2026-05-13)
[recover-smartlead] Sent scan 80/150: daniel.mowery@clinictrafficco.com (413 messages since 2026-05-13)
[recover-smartlead] Done 77/150: daniel.m@clinictrafficco.com — taggedSent=0 +0 candidates +0 review (totals: 2 candidates, 1 review)
[recover-smartlead] Sent scan 81/150: daniel.mowery@clinictrafficdr.com (404 messages since 2026-05-13)
[recover-smartlead] INBOX scan 79/150: daniel.mowery@clinicfoottrafficco.com (36 messages since 2026-05-13)
[recover-smartlead] Done 79/150: daniel.mowery@clinicfoottrafficco.com — taggedSent=0 +0 candidates +0 review (totals: 2 candidates, 1 review)
[recover-smartlead] Sent scan 82/150: daniel@clinicfoottrafficco.com (397 messages since 2026-05-13)
[recover-smartlead] INBOX scan 80/150: daniel.mowery@clinictrafficco.com (42 messages since 2026-05-13)
[recover-smartlead] Done 80/150: daniel.mowery@clinictrafficco.com — taggedSent=0 +0 candidates +0 review (totals: 2 candidates, 1 review)
[recover-smartlead] INBOX scan 81/150: daniel.mowery@clinictrafficdr.com (45 messages since 2026-05-13)
[recover-smartlead] Sent scan 83/150: daniel@clinictrafficco.com (409 messages since 2026-05-13)
[recover-smartlead] Done 81/150: daniel.mowery@clinictrafficdr.com — taggedSent=0 +0 candidates +0 review (totals: 2 candidates, 1 review)
[recover-smartlead] Sent scan 84/150: daniel@clinictrafficdr.com (409 messages since 2026-05-13)
[recover-smartlead] INBOX scan 82/150: daniel@clinicfoottrafficco.com (41 messages since 2026-05-13)
[recover-smartlead] Done 82/150: daniel@clinicfoottrafficco.com — taggedSent=0 +0 candidates +0 review (totals: 2 candidates, 1 review)
[recover-smartlead] Sent scan 85/150: danielm@clinicfoottrafficco.com (400 messages since 2026-05-13)
[recover-smartlead] INBOX scan 83/150: daniel@clinictrafficco.com (42 messages since 2026-05-13)
[recover-smartlead] Done 83/150: daniel@clinictrafficco.com — taggedSent=0 +0 candidates +0 review (totals: 2 candidates, 1 review)
[recover-smartlead] INBOX scan 84/150: daniel@clinictrafficdr.com (37 messages since 2026-05-13)
[recover-smartlead] Sent scan 86/150: danielm@clinictrafficco.com (394 messages since 2026-05-13)
[recover-smartlead] Done 84/150: daniel@clinictrafficdr.com — taggedSent=0 +0 candidates +0 review (totals: 2 candidates, 1 review)
[recover-smartlead] Sent scan 87/150: danielm@clinictrafficdr.com (414 messages since 2026-05-13)
[recover-smartlead] INBOX scan 85/150: danielm@clinicfoottrafficco.com (35 messages since 2026-05-13)
[recover-smartlead] Done 85/150: danielm@clinicfoottrafficco.com — taggedSent=13 +0 candidates +0 review (totals: 2 candidates, 1 review)
[recover-smartlead] Sent scan 88/150: danielmowery@clinicfoottrafficco.com (406 messages since 2026-05-13)
[recover-smartlead] INBOX scan 86/150: danielm@clinictrafficco.com (33 messages since 2026-05-13)
[recover-smartlead] Done 86/150: danielm@clinictrafficco.com — taggedSent=11 +0 candidates +0 review (totals: 2 candidates, 1 review)
[recover-smartlead] Sent scan 89/150: danielmowery@clinictrafficco.com (407 messages since 2026-05-13)
[recover-smartlead] INBOX scan 87/150: danielm@clinictrafficdr.com (43 messages since 2026-05-13)
[recover-smartlead] Done 87/150: danielm@clinictrafficdr.com — taggedSent=13 +0 candidates +0 review (totals: 2 candidates, 1 review)
[recover-smartlead] Sent scan 90/150: danielmowery@clinictrafficdr.com (409 messages since 2026-05-13)
[recover-smartlead] INBOX scan 88/150: danielmowery@clinicfoottrafficco.com (41 messages since 2026-05-13)
[recover-smartlead] Done 88/150: danielmowery@clinicfoottrafficco.com — taggedSent=13 +0 candidates +0 review (totals: 2 candidates, 1 review)
[recover-smartlead] Sent scan 91/150: dm@clinicfoottrafficco.com (409 messages since 2026-05-13)
[recover-smartlead] INBOX scan 89/150: danielmowery@clinictrafficco.com (44 messages since 2026-05-13)
[recover-smartlead] Done 89/150: danielmowery@clinictrafficco.com — taggedSent=13 +0 candidates +0 review (totals: 2 candidates, 1 review)
[recover-smartlead] Sent scan 92/150: dm@clinictrafficco.com (404 messages since 2026-05-13)
[recover-smartlead] INBOX scan 90/150: danielmowery@clinictrafficdr.com (34 messages since 2026-05-13)
[recover-smartlead] Done 90/150: danielmowery@clinictrafficdr.com — taggedSent=13 +0 candidates +0 review (totals: 2 candidates, 1 review)
[recover-smartlead] Sent scan 93/150: dm@clinictrafficdr.com (404 messages since 2026-05-13)
[recover-smartlead] INBOX scan 91/150: dm@clinicfoottrafficco.com (41 messages since 2026-05-13)
[recover-smartlead] Done 91/150: dm@clinicfoottrafficco.com — taggedSent=15 +0 candidates +0 review (totals: 2 candidates, 1 review)
[recover-smartlead] Sent scan 94/150: dmowery@clinicfoottrafficco.com (410 messages since 2026-05-13)
[recover-smartlead] INBOX scan 92/150: dm@clinictrafficco.com (35 messages since 2026-05-13)
[recover-smartlead] Done 92/150: dm@clinictrafficco.com — taggedSent=12 +0 candidates +0 review (totals: 2 candidates, 1 review)
[recover-smartlead] Sent scan 95/150: dmowery@clinictrafficco.com (409 messages since 2026-05-13)
[recover-smartlead] INBOX scan 93/150: dm@clinictrafficdr.com (34 messages since 2026-05-13)
[recover-smartlead] Done 93/150: dm@clinictrafficdr.com — taggedSent=13 +2 candidates +2 review (totals: 4 candidates, 3 review)
[recover-smartlead] Sent scan 96/150: dmowery@clinictrafficdr.com (408 messages since 2026-05-13)
[recover-smartlead] INBOX scan 94/150: dmowery@clinicfoottrafficco.com (43 messages since 2026-05-13)
[recover-smartlead] Done 94/150: dmowery@clinicfoottrafficco.com — taggedSent=15 +1 candidates +0 review (totals: 5 candidates, 3 review)
[recover-smartlead] Sent scan 97/150: l.braxton@clinicfoottrafficco.com (408 messages since 2026-05-13)
[recover-smartlead] INBOX scan 95/150: dmowery@clinictrafficco.com (43 messages since 2026-05-13)
[recover-smartlead] Done 95/150: dmowery@clinictrafficco.com — taggedSent=14 +0 candidates +0 review (totals: 5 candidates, 3 review)
[recover-smartlead] Sent scan 98/150: l.braxton@clinictrafficco.com (411 messages since 2026-05-13)
[recover-smartlead] INBOX scan 96/150: dmowery@clinictrafficdr.com (34 messages since 2026-05-13)
[recover-smartlead] Done 96/150: dmowery@clinictrafficdr.com — taggedSent=16 +0 candidates +0 review (totals: 5 candidates, 3 review)
[recover-smartlead] Sent scan 99/150: l.braxton@clinictrafficdr.com (415 messages since 2026-05-13)
[recover-smartlead] INBOX scan 97/150: l.braxton@clinicfoottrafficco.com (34 messages since 2026-05-13)
[recover-smartlead] Done 97/150: l.braxton@clinicfoottrafficco.com — taggedSent=13 +0 candidates +0 review (totals: 5 candidates, 3 review)
[recover-smartlead] Sent scan 100/150: l.lenz@clinicfoottrafficco.com (407 messages since 2026-05-13)
[recover-smartlead] INBOX scan 98/150: l.braxton@clinictrafficco.com (44 messages since 2026-05-13)
[recover-smartlead] Done 98/150: l.braxton@clinictrafficco.com — taggedSent=13 +0 candidates +0 review (totals: 5 candidates, 3 review)
[recover-smartlead] INBOX scan 99/150: l.braxton@clinictrafficdr.com (47 messages since 2026-05-13)
[recover-smartlead] Sent scan 101/150: l.lenz@clinictrafficco.com (408 messages since 2026-05-13)
[recover-smartlead] Done 99/150: l.braxton@clinictrafficdr.com — taggedSent=12 +0 candidates +0 review (totals: 5 candidates, 3 review)
[recover-smartlead] Sent scan 102/150: l.lenz@clinictrafficdr.com (409 messages since 2026-05-13)
[recover-smartlead] INBOX scan 100/150: l.lenz@clinicfoottrafficco.com (40 messages since 2026-05-13)
[recover-smartlead] Done 100/150: l.lenz@clinicfoottrafficco.com — taggedSent=13 +0 candidates +0 review (totals: 5 candidates, 3 review)
[recover-smartlead] Sent scan 103/150: lbraxton@clinicfoottrafficco.com (406 messages since 2026-05-13)
[recover-smartlead] INBOX scan 101/150: l.lenz@clinictrafficco.com (44 messages since 2026-05-13)
[recover-smartlead] Done 101/150: l.lenz@clinictrafficco.com — taggedSent=11 +1 candidates +0 review (totals: 6 candidates, 3 review)
[recover-smartlead] INBOX scan 102/150: l.lenz@clinictrafficdr.com (38 messages since 2026-05-13)
[recover-smartlead] Sent scan 104/150: lbraxton@clinictrafficco.com (409 messages since 2026-05-13)
[recover-smartlead] Done 102/150: l.lenz@clinictrafficdr.com — taggedSent=12 +0 candidates +0 review (totals: 6 candidates, 3 review)
[recover-smartlead] Sent scan 105/150: lbraxton@clinictrafficdr.com (212 messages since 2026-05-13)
[recover-smartlead] INBOX scan 103/150: lbraxton@clinicfoottrafficco.com (38 messages since 2026-05-13)
[recover-smartlead] Done 103/150: lbraxton@clinicfoottrafficco.com — taggedSent=6 +0 candidates +0 review (totals: 6 candidates, 3 review)
[recover-smartlead] Sent scan 106/150: lenz.b@clinicfoottrafficco.com (410 messages since 2026-05-13)
[recover-smartlead] INBOX scan 105/150: lbraxton@clinictrafficdr.com (35 messages since 2026-05-13)
[recover-smartlead] Done 105/150: lbraxton@clinictrafficdr.com — taggedSent=6 +0 candidates +0 review (totals: 6 candidates, 3 review)
[recover-smartlead] Sent scan 107/150: lenz.b@clinictrafficco.com (410 messages since 2026-05-13)
[recover-smartlead] INBOX scan 104/150: lbraxton@clinictrafficco.com (44 messages since 2026-05-13)
[recover-smartlead] Done 104/150: lbraxton@clinictrafficco.com — taggedSent=5 +0 candidates +2 review (totals: 6 candidates, 5 review)
[recover-smartlead] Sent scan 108/150: lenz.b@clinictrafficdr.com (410 messages since 2026-05-13)
[recover-smartlead] INBOX scan 106/150: lenz.b@clinicfoottrafficco.com (40 messages since 2026-05-13)
[recover-smartlead] Done 106/150: lenz.b@clinicfoottrafficco.com — taggedSent=5 +0 candidates +0 review (totals: 6 candidates, 5 review)
[recover-smartlead] Sent scan 109/150: lenz.braxton@clinicfoottrafficco.com (420 messages since 2026-05-13)
[recover-smartlead] INBOX scan 107/150: lenz.b@clinictrafficco.com (41 messages since 2026-05-13)
[recover-smartlead] Done 107/150: lenz.b@clinictrafficco.com — taggedSent=6 +0 candidates +0 review (totals: 6 candidates, 5 review)
[recover-smartlead] Sent scan 110/150: lenz.braxton@clinictrafficco.com (412 messages since 2026-05-13)
[recover-smartlead] INBOX scan 108/150: lenz.b@clinictrafficdr.com (40 messages since 2026-05-13)
[recover-smartlead] Done 108/150: lenz.b@clinictrafficdr.com — taggedSent=5 +1 candidates +0 review (totals: 7 candidates, 5 review)
[recover-smartlead] Sent scan 111/150: lenz.braxton@clinictrafficdr.com (418 messages since 2026-05-13)
[recover-smartlead] INBOX scan 109/150: lenz.braxton@clinicfoottrafficco.com (46 messages since 2026-05-13)
[recover-smartlead] Done 109/150: lenz.braxton@clinicfoottrafficco.com — taggedSent=4 +0 candidates +0 review (totals: 7 candidates, 5 review)
[recover-smartlead] Sent scan 112/150: lenz@clinicfoottrafficco.com (416 messages since 2026-05-13)
[recover-smartlead] INBOX scan 110/150: lenz.braxton@clinictrafficco.com (43 messages since 2026-05-13)
[recover-smartlead] Done 110/150: lenz.braxton@clinictrafficco.com — taggedSent=4 +0 candidates +0 review (totals: 7 candidates, 5 review)
[recover-smartlead] Sent scan 113/150: lenz@clinictrafficco.com (409 messages since 2026-05-13)
[recover-smartlead] INBOX scan 111/150: lenz.braxton@clinictrafficdr.com (49 messages since 2026-05-13)
[recover-smartlead] Done 111/150: lenz.braxton@clinictrafficdr.com — taggedSent=6 +0 candidates +0 review (totals: 7 candidates, 5 review)
[recover-smartlead] Sent scan 114/150: lenz@clinictrafficdr.com (406 messages since 2026-05-13)
[recover-smartlead] INBOX scan 112/150: lenz@clinicfoottrafficco.com (45 messages since 2026-05-13)
[recover-smartlead] Done 112/150: lenz@clinicfoottrafficco.com — taggedSent=5 +0 candidates +0 review (totals: 7 candidates, 5 review)
[recover-smartlead] Sent scan 115/150: lenzb@clinicfoottrafficco.com (398 messages since 2026-05-13)
[recover-smartlead] INBOX scan 113/150: lenz@clinictrafficco.com (40 messages since 2026-05-13)
[recover-smartlead] Done 113/150: lenz@clinictrafficco.com — taggedSent=5 +0 candidates +0 review (totals: 7 candidates, 5 review)
[recover-smartlead] Sent scan 116/150: lenzb@clinictrafficco.com (355 messages since 2026-05-13)
[recover-smartlead] INBOX scan 114/150: lenz@clinictrafficdr.com (34 messages since 2026-05-13)
[recover-smartlead] Done 114/150: lenz@clinictrafficdr.com — taggedSent=4 +0 candidates +0 review (totals: 7 candidates, 5 review)
[recover-smartlead] Sent scan 117/150: lenzb@clinictrafficdr.com (414 messages since 2026-05-13)
[recover-smartlead] INBOX scan 116/150: lenzb@clinictrafficco.com (35 messages since 2026-05-13)
[recover-smartlead] INBOX scan 115/150: lenzb@clinicfoottrafficco.com (27 messages since 2026-05-13)
[recover-smartlead] Done 116/150: lenzb@clinictrafficco.com — taggedSent=0 +0 candidates +0 review (totals: 7 candidates, 5 review)
[recover-smartlead] Done 115/150: lenzb@clinicfoottrafficco.com — taggedSent=5 +0 candidates +0 review (totals: 7 candidates, 5 review)
[recover-smartlead] Sent scan 118/150: lenzbraxton@clinicfoottrafficco.com (421 messages since 2026-05-13)
[recover-smartlead] Sent scan 119/150: lenzbraxton@clinictrafficco.com (406 messages since 2026-05-13)
[recover-smartlead] INBOX scan 117/150: lenzb@clinictrafficdr.com (50 messages since 2026-05-13)
[recover-smartlead] Done 117/150: lenzb@clinictrafficdr.com — taggedSent=4 +0 candidates +0 review (totals: 7 candidates, 5 review)
[recover-smartlead] Sent scan 120/150: lenzbraxton@clinictrafficdr.com (403 messages since 2026-05-13)
[recover-smartlead] INBOX scan 119/150: lenzbraxton@clinictrafficco.com (35 messages since 2026-05-13)
[recover-smartlead] INBOX scan 118/150: lenzbraxton@clinicfoottrafficco.com (43 messages since 2026-05-13)
[recover-smartlead] Done 119/150: lenzbraxton@clinictrafficco.com — taggedSent=4 +0 candidates +1 review (totals: 7 candidates, 6 review)
[recover-smartlead] Done 118/150: lenzbraxton@clinicfoottrafficco.com — taggedSent=7 +0 candidates +0 review (totals: 7 candidates, 6 review)
[recover-smartlead] Sent scan 122/150: llenz@clinictrafficco.com (419 messages since 2026-05-13)
[recover-smartlead] Sent scan 121/150: llenz@clinicfoottrafficco.com (420 messages since 2026-05-13)
[recover-smartlead] INBOX scan 120/150: lenzbraxton@clinictrafficdr.com (33 messages since 2026-05-13)
[recover-smartlead] Done 120/150: lenzbraxton@clinictrafficdr.com — taggedSent=6 +0 candidates +0 review (totals: 7 candidates, 6 review)
[recover-smartlead] Sent scan 123/150: llenz@clinictrafficdr.com (420 messages since 2026-05-13)
[recover-smartlead] INBOX scan 122/150: llenz@clinictrafficco.com (46 messages since 2026-05-13)
[recover-smartlead] INBOX scan 121/150: llenz@clinicfoottrafficco.com (43 messages since 2026-05-13)
[recover-smartlead] Done 122/150: llenz@clinictrafficco.com — taggedSent=5 +0 candidates +0 review (totals: 7 candidates, 6 review)
[recover-smartlead] Done 121/150: llenz@clinicfoottrafficco.com — taggedSent=5 +0 candidates +0 review (totals: 7 candidates, 6 review)
[recover-smartlead] Sent scan 124/150: m.daniel@clinicfoottrafficco.com (416 messages since 2026-05-13)
[recover-smartlead] Sent scan 125/150: m.daniel@clinictrafficco.com (405 messages since 2026-05-13)
[recover-smartlead] INBOX scan 123/150: llenz@clinictrafficdr.com (44 messages since 2026-05-13)
[recover-smartlead] Done 123/150: llenz@clinictrafficdr.com — taggedSent=6 +0 candidates +0 review (totals: 7 candidates, 6 review)
[recover-smartlead] Sent scan 126/150: m.daniel@clinictrafficdr.com (420 messages since 2026-05-13)
[recover-smartlead] INBOX scan 124/150: m.daniel@clinicfoottrafficco.com (42 messages since 2026-05-13)
[recover-smartlead] INBOX scan 125/150: m.daniel@clinictrafficco.com (45 messages since 2026-05-13)
[recover-smartlead] Done 124/150: m.daniel@clinicfoottrafficco.com — taggedSent=8 +0 candidates +1 review (totals: 7 candidates, 7 review)
[recover-smartlead] Done 125/150: m.daniel@clinictrafficco.com — taggedSent=5 +0 candidates +0 review (totals: 7 candidates, 7 review)
[recover-smartlead] Sent scan 127/150: m.mowery@clinicfoottrafficco.com (415 messages since 2026-05-13)
[recover-smartlead] Sent scan 128/150: m.mowery@clinictrafficco.com (417 messages since 2026-05-13)
[recover-smartlead] INBOX scan 126/150: m.daniel@clinictrafficdr.com (49 messages since 2026-05-13)
[recover-smartlead] Done 126/150: m.daniel@clinictrafficdr.com — taggedSent=0 +0 candidates +0 review (totals: 7 candidates, 7 review)
[recover-smartlead] Sent scan 129/150: m.mowery@clinictrafficdr.com (422 messages since 2026-05-13)
[recover-smartlead] INBOX scan 127/150: m.mowery@clinicfoottrafficco.com (43 messages since 2026-05-13)
[recover-smartlead] INBOX scan 128/150: m.mowery@clinictrafficco.com (41 messages since 2026-05-13)
[recover-smartlead] Done 127/150: m.mowery@clinicfoottrafficco.com — taggedSent=5 +0 candidates +0 review (totals: 7 candidates, 7 review)
[recover-smartlead] Sent scan 130/150: mdaniel@clinicfoottrafficco.com (405 messages since 2026-05-13)
[recover-smartlead] Done 128/150: m.mowery@clinictrafficco.com — taggedSent=5 +0 candidates +0 review (totals: 7 candidates, 7 review)
[recover-smartlead] Sent scan 131/150: mdaniel@clinictrafficco.com (422 messages since 2026-05-13)
